[36mvite v8.0.0 [32mbuilding client environment for production...[36m[39m
[2K
transforming...Γ£ô 1754 modules transformed.
rendering chunks...
computing gzip size...
dist/index.html                   0.73 kB Γöé gzip:   0.40 kB
dist/assets/index-adhYMptT.css   52.36 kB Γöé gzip:  10.11 kB
dist/assets/index-cKJDMpBd.js   370.73 kB Γöé gzip: 107.99 kB

cmd.exe : [31mΓ£ù[39m Build failed in 2.57s
At line:1 char:1
+ cmd.exe /c npx vite build > build_output.txt 2>&1
+ ~~~~~~~~~~~~~~~~~~~~~~~~~~~~~~~~~~~~~~~~~~~~~~~~~
    + CategoryInfo          : NotSpecified: ([31mΓ£ù[39m Build failed in 2.57s:String) [], RemoteException
    + FullyQualifiedErrorId : NativeCommandError
 
[31merror during build:
[31mBuild failed with 1 error:

Error: [vite]: Rolldown failed to resolve import "tyger-avatar" from 
"C:/Users/nanad/SWE/Software-engineering-final-project/client/src/pages/Signup.tsx".
This is most likely unintended because it can break your application at runtime.
If you do want to externalize this module explicitly add it to
`build.rollupOptions.external`
    at viteLog (file:///C:/Users/nanad/SWE/Software-engineering-final-project/client/node_modules/vite/dist/node/chunks
/node.js:32887:57)
    at file:///C:/Users/nanad/SWE/Software-engineering-final-project/client/node_modules/vite/dist/node/chunks/node.js:
32923:71
    at onwarn (file:///C:/Users/nanad/SWE/Software-engineering-final-project/client/node_modules/@vitejs/plugin-react/d
ist/index.js:40:7)
    at file:///C:/Users/nanad/SWE/Software-engineering-final-project/client/node_modules/vite/dist/node/chunks/node.js:
32923:28
    at onRollupLog (file:///C:/Users/nanad/SWE/Software-engineering-final-project/client/node_modules/vite/dist/node/ch
unks/node.js:32918:63)
    at onLog (file:///C:/Users/nanad/SWE/Software-engineering-final-project/client/node_modules/vite/dist/node/chunks/n
ode.js:32688:4)
    at file:///C:/Users/nanad/SWE/Software-engineering-final-project/client/node_modules/rolldown/dist/shared/rolldown-
build-4YnQkA76.mjs:49:26
    at logger (file:///C:/Users/nanad/SWE/Software-engineering-final-project/client/node_modules/rolldown/dist/shared/r
olldown-build-4YnQkA76.mjs:40:3)
    at onLog (file:///C:/Users/nanad/SWE/Software-engineering-final-project/client/node_modules/rolldown/dist/shared/bi
ndingify-input-options-Cu7pt6SZ.mjs:1945:32)[31m
    at aggregateBindingErrorsIntoJsError (file:///C:/Users/nanad/SWE/Software-engineering-final-project/client/node_mod
ules/rolldown/dist/shared/error-CP8smW_P.mjs:48:18)
    at unwrapBindingResult (file:///C:/Users/nanad/SWE/Software-engineering-final-project/client/node_modules/rolldown/
dist/shared/error-CP8smW_P.mjs:18:128)
    at #build (file:///C:/Users/nanad/SWE/Software-engineering-final-project/client/node_modules/rolldown/dist/shared/r
olldown-build-4YnQkA76.mjs:3311:34)
    at async buildEnvironment (file:///C:/Users/nanad/SWE/Software-engineering-final-project/client/node_modules/vite/d
ist/node/chunks/node.js:32794:64)
    at async Object.build (file:///C:/Users/nanad/SWE/Software-engineering-final-project/client/node_modules/vite/dist/
node/chunks/node.js:33216:19)
    at async Object.buildApp (file:///C:/Users/nanad/SWE/Software-engineering-final-project/client/node_modules/vite/di
st/node/chunks/node.js:33213:153)
    at async CAC.<anonymous> 
(file:///C:/Users/nanad/SWE/Software-engineering-final-project/client/node_modules/vite/dist/node/cli.js:778:3) {
  errors: [Getter/Setter]
}[39m
